data
[        128]  data/lhrfs/
[     197903]  data/lhrfs/hzl.jdj
[      42249]  data/lhrfs/wsbpzmbq.hws
[     193233]  data/mvsjmrtn
[        192]  data/nwh/
[      63077]  data/nwh/bgrccm.tqh
[      69961]  data/nwh/dznccwl.bnw
[        160]  data/nwh/pmdj/
[     292527]  data/nwh/pmdj/rlgfd.rrd
[      68737]  data/nwh/pmdj/tbj.grn
[     153072]  data/nwh/pmdj/wsbpzmbq.hws
[     187013]  data/nwh/rsbvj.jtd
[        288]  data/pjsd/
[        128]  data/pjsd/czzcslm/
[     249237]  data/pjsd/czzcslm/bvrnzhd.vzp
[      16960]  data/pjsd/czzcslm/ssvqllt.ccv
[        128]  data/pjsd/dgwpl/
[      23547]  data/pjsd/dgwpl/brsbfqbm.hls
[        128]  data/pjsd/dgwpl/ljzrwpv/
[         96]  data/pjsd/dgwpl/ljzrwpv/btnzjtlr/
[     191998]  data/pjsd/dgwpl/ljzrwpv/btnzjtlr/tbj.mwg
[         96]  data/pjsd/dgwpl/ljzrwpv/czr/
[         96]  data/pjsd/dgwpl/ljzrwpv/czr/fqg/
[     276766]  data/pjsd/dgwpl/ljzrwpv/czr/fqg/llhzr.pjh
[        320]  data/pjsd/fqg/
[     275942]  data/pjsd/fqg/bhcg
[        224]  data/pjsd/fqg/fqg/
[         96]  data/pjsd/fqg/fqg/bpbtnq/
[     194542]  data/pjsd/fqg/fqg/bpbtnq/mtztnd.hdb
[     267620]  data/pjsd/fqg/fqg/btnzjtlr.mgr
[     174395]  data/pjsd/fqg/fqg/fqg.vpw
[        192]  data/pjsd/fqg/fqg/tfbfgzw/
[         96]  data/pjsd/fqg/fqg/tfbfgzw/cgdlflbt/
[     176005]  data/pjsd/fqg/fqg/tfbfgzw/cgdlflbt/wsbpzmbq.hws
[      10814]  data/pjsd/fqg/fqg/tfbfgzw/fqg.cqp
[      40235]  data/pjsd/fqg/fqg/tfbfgzw/fztb.jzr
[        256]  data/pjsd/fqg/fqg/tfbfgzw/hzl/
[         96]  data/pjsd/fqg/fqg/tfbfgzw/hzl/ccpdp/
[     172836]  data/pjsd/fqg/fqg/tfbfgzw/hzl/ccpdp/btnzjtlr
[        128]  data/pjsd/fqg/fqg/tfbfgzw/hzl/hgwpjvn/
[     122725]  data/pjsd/fqg/fqg/tfbfgzw/hzl/hgwpjvn/hnsrdnl.ctv
[     261470]  data/pjsd/fqg/fqg/tfbfgzw/hzl/hgwpjvn/tmgpjbj
[         96]  data/pjsd/fqg/fqg/tfbfgzw/hzl/hzl/
[      59843]  data/pjsd/fqg/fqg/tfbfgzw/hzl/hzl/lffmd.fwr
[     203730]  data/pjsd/fqg/fqg/tfbfgzw/hzl/pbn.rzl
[      88179]  data/pjsd/fqg/fqg/tfbfgzw/hzl/tbj
[     295466]  data/pjsd/fqg/fqg/tfbfgzw/hzl/zdbmfmzs.jjh
[         96]  data/pjsd/fqg/fqg/twhvbbr/
[     134874]  data/pjsd/fqg/fqg/twhvbbr/hnsrdnl.ctv
[         96]  data/pjsd/fqg/gghdbzz/
[         96]  data/pjsd/fqg/gghdbzz/fqg/
[     233336]  data/pjsd/fqg/gghdbzz/fqg/ssvqllt.ccv
[        288]  data/pjsd/fqg/hswgvpt/
[         96]  data/pjsd/fqg/hswgvpt/fwfhnbc/
[     293848]  data/pjsd/fqg/hswgvpt/fwfhnbc/zhz.mff
[         96]  data/pjsd/fqg/hswgvpt/hcp/
[     288118]  data/pjsd/fqg/hswgvpt/hcp/gdndr.gwn
[     221595]  data/pjsd/fqg/hswgvpt/hnsrdnl.ctv
[     230875]  data/pjsd/fqg/hswgvpt/hzl
[     257695]  data/pjsd/fqg/hswgvpt/jbfnlc.qqn
[     126050]  data/pjsd/fqg/hswgvpt/tbj.qlc
[        192]  data/pjsd/fqg/hswgvpt/wdlh/
[     227328]  data/pjsd/fqg/hswgvpt/wdlh/btnzjtlr.msq
[         96]  data/pjsd/fqg/hswgvpt/wdlh/hzl/
[     184779]  data/pjsd/fqg/hswgvpt/wdlh/hzl/ssvqllt.ccv
[      94325]  data/pjsd/fqg/hswgvpt/wdlh/hzl.wjp
[     272466]  data/pjsd/fqg/hswgvpt/wdlh/zzdfcs
[      75273]  data/pjsd/fqg/hzl
[         96]  data/pjsd/fqg/lfpblmwt/
[     151071]  data/pjsd/fqg/lfpblmwt/ssvqllt.ccv
[        224]  data/pjsd/fqg/sdcwn/
[      61632]  data/pjsd/fqg/sdcwn/hzl.mvp
[        192]  data/pjsd/fqg/sdcwn/tbj/
[         96]  data/pjsd/fqg/sdcwn/tbj/btnzjtlr/
[       2441]  data/pjsd/fqg/sdcwn/tbj/btnzjtlr/hnsrdnl.ctv
[        128]  data/pjsd/fqg/sdcwn/tbj/cwsv/
[     238930]  data/pjsd/fqg/sdcwn/tbj/cwsv/gwr
[     236116]  data/pjsd/fqg/sdcwn/tbj/cwsv/tlzqtch
[       1318]  data/pjsd/fqg/sdcwn/tbj/tbj
[     293645]  data/pjsd/fqg/sdcwn/tbj/wnv
[        160]  data/pjsd/fqg/sdcwn/tdwc/
[         96]  data/pjsd/fqg/sdcwn/tdwc/btnzjtlr/
[     177427]  data/pjsd/fqg/sdcwn/tdwc/btnzjtlr/tbj.hgf
[         96]  data/pjsd/fqg/sdcwn/tdwc/fqg/
[     241003]  data/pjsd/fqg/sdcwn/tdwc/fqg/dbnwzbn.flv
[        128]  data/pjsd/fqg/sdcwn/tdwc/zgjpfj/
[     249565]  data/pjsd/fqg/sdcwn/tdwc/zgjpfj/fqg
[     238012]  data/pjsd/fqg/sdcwn/tdwc/zgjpfj/tbj.csq
[        128]  data/pjsd/fqg/sdcwn/tnjcf/
[     188504]  data/pjsd/fqg/sdcwn/tnjcf/lljwfglp.wnb
[      35384]  data/pjsd/fqg/sdcwn/tnjcf/wsbpzmbq.hws
[         96]  data/pjsd/fqg/sdcwn/tstqdt/
[         96]  data/pjsd/fqg/sdcwn/tstqdt/lszhdjr/
[     252181]  data/pjsd/fqg/sdcwn/tstqdt/lszhdjr/ssvqllt.ccv
[        224]  data/pjsd/fqg/wmrwd/
[     117914]  data/pjsd/fqg/wmrwd/btnzjtlr
[     224916]  data/pjsd/fqg/wmrwd/hnsrdnl.ctv
[         96]  data/pjsd/fqg/wmrwd/lszhdjr/
[     183834]  data/pjsd/fqg/wmrwd/lszhdjr/sdnlhh.ntt
[     112511]  data/pjsd/fqg/wmrwd/trjm.mrw
[      20365]  data/pjsd/fqg/wmrwd/trn
[        160]  data/pjsd/lszhdjr/
[        288]  data/pjsd/lszhdjr/gjlms/
[     301712]  data/pjsd/lszhdjr/gjlms/bbs.fhq
[         96]  data/pjsd/lszhdjr/gjlms/btnzjtlr/
[      60204]  data/pjsd/lszhdjr/gjlms/btnzjtlr/nhmc
[     148329]  data/pjsd/lszhdjr/gjlms/cnvlrpbs.tqv
[         96]  data/pjsd/lszhdjr/gjlms/hzl/
[      99518]  data/pjsd/lszhdjr/gjlms/hzl/lszhdjr.stz
[     107466]  data/pjsd/lszhdjr/gjlms/hzl.zps
[         96]  data/pjsd/lszhdjr/gjlms/jgflpb/
[     251545]  data/pjsd/lszhdjr/gjlms/jgflpb/hzl.ncm
[       9865]  data/pjsd/lszhdjr/gjlms/trjm.mrw
[        160]  data/pjsd/lszhdjr/hrwjmrwf/
[      65264]  data/pjsd/lszhdjr/hrwjmrwf/btnzjtlr.qgg
[     123207]  data/pjsd/lszhdjr/hrwjmrwf/pqsn
[      30133]  data/pjsd/lszhdjr/hrwjmrwf/zzdfcs
[         96]  data/pjsd/lszhdjr/vblznslv/
[      19460]  data/pjsd/lszhdjr/vblznslv/hzl
[        128]  data/pjsd/mmpf/
[     200340]  data/pjsd/mmpf/dnsq
[     109756]  data/pjsd/mmpf/snl
[        320]  data/pjsd/wtwhzzwz/
[         96]  data/pjsd/wtwhzzwz/bpwjhpgr/
[       1514]  data/pjsd/wtwhzzwz/bpwjhpgr/mjczjz
[         96]  data/pjsd/wtwhzzwz/btnzjtlr/
[     209165]  data/pjsd/wtwhzzwz/btnzjtlr/lszhdjr
[        352]  data/pjsd/wtwhzzwz/dgqljsbq/
[     160750]  data/pjsd/wtwhzzwz/dgqljsbq/btnzjtlr
[         96]  data/pjsd/wtwhzzwz/dgqljsbq/fqg/
[        128]  data/pjsd/wtwhzzwz/dgqljsbq/fqg/ghsdjhj/
[     166720]  data/pjsd/wtwhzzwz/dgqljsbq/fqg/ghsdjhj/jqcjngn.fmf
[     298171]  data/pjsd/wtwhzzwz/dgqljsbq/fqg/ghsdjhj/zzdfcs
[        224]  data/pjsd/wtwhzzwz/dgqljsbq/hrncl/
[        128]  data/pjsd/wtwhzzwz/dgqljsbq/hrncl/hzl/
[        344]  data/pjsd/wtwhzzwz/dgqljsbq/hrncl/hzl/drndgmgz.flz
[     241877]  data/pjsd/wtwhzzwz/dgqljsbq/hrncl/hzl/zzdfcs
[      82355]  data/pjsd/wtwhzzwz/dgqljsbq/hrncl/trjm.mrw
[        160]  data/pjsd/wtwhzzwz/dgqljsbq/hrncl/vrqbf/
[         96]  data/pjsd/wtwhzzwz/dgqljsbq/hrncl/vrqbf/blf/
[      68629]  data/pjsd/wtwhzzwz/dgqljsbq/hrncl/vrqbf/blf/wdhfbtj.ncc
[        160]  data/pjsd/wtwhzzwz/dgqljsbq/hrncl/vrqbf/pzrfw/
[         96]  data/pjsd/wtwhzzwz/dgqljsbq/hrncl/vrqbf/pzrfw/hzl/
[      12677]  data/pjsd/wtwhzzwz/dgqljsbq/hrncl/vrqbf/pzrfw/hzl/gvdh.ltp
[         96]  data/pjsd/wtwhzzwz/dgqljsbq/hrncl/vrqbf/pzrfw/mdh/
[     222003]  data/pjsd/wtwhzzwz/dgqljsbq/hrncl/vrqbf/pzrfw/mdh/qbvfdv
[         96]  data/pjsd/wtwhzzwz/dgqljsbq/hrncl/vrqbf/pzrfw/tbj/
[         96]  data/pjsd/wtwhzzwz/dgqljsbq/hrncl/vrqbf/pzrfw/tbj/wtmcqwgp/
[         96]  data/pjsd/wtwhzzwz/dgqljsbq/hrncl/vrqbf/pzrfw/tbj/wtmcqwgp/stcgrs/
[     285843]  data/pjsd/wtwhzzwz/dgqljsbq/hrncl/vrqbf/pzrfw/tbj/wtmcqwgp/stcgrs/tbj
[         96]  data/pjsd/wtwhzzwz/dgqljsbq/hrncl/vrqbf/tbj/
[     173380]  data/pjsd/wtwhzzwz/dgqljsbq/hrncl/vrqbf/tbj/mcgzmthd.mdg
[     261260]  data/pjsd/wtwhzzwz/dgqljsbq/hrncl/wsbpzmbq.hws
[      18593]  data/pjsd/wtwhzzwz/dgqljsbq/hrncl/wtmlmprg.whh
[       5964]  data/pjsd/wtwhzzwz/dgqljsbq/hzvr.ftp
[        288]  data/pjsd/wtwhzzwz/dgqljsbq/jldnlddj/
[      57836]  data/pjsd/wtwhzzwz/dgqljsbq/jldnlddj/brdtwc.pws
[         96]  data/pjsd/wtwhzzwz/dgqljsbq/jldnlddj/fqg/
[     273621]  data/pjsd/wtwhzzwz/dgqljsbq/jldnlddj/fqg/pwjr.gwt
[        128]  data/pjsd/wtwhzzwz/dgqljsbq/jldnlddj/hzl/
[        192]  data/pjsd/wtwhzzwz/dgqljsbq/jldnlddj/hzl/fqg/
[     290882]  data/pjsd/wtwhzzwz/dgqljsbq/jldnlddj/hzl/fqg/hcf.sqw
[      62759]  data/pjsd/wtwhzzwz/dgqljsbq/jldnlddj/hzl/fqg/hlntl.zqg
[     115593]  data/pjsd/wtwhzzwz/dgqljsbq/jldnlddj/hzl/fqg/ntgm.wjn
[      64481]  data/pjsd/wtwhzzwz/dgqljsbq/jldnlddj/hzl/fqg/qwtv
[        256]  data/pjsd/wtwhzzwz/dgqljsbq/jldnlddj/hzl/tbj/
[     199421]  data/pjsd/wtwhzzwz/dgqljsbq/jldnlddj/hzl/tbj/gsvpcdm
[     200467]  data/pjsd/wtwhzzwz/dgqljsbq/jldnlddj/hzl/tbj/hnsrdnl.ctv
[       9980]  data/pjsd/wtwhzzwz/dgqljsbq/jldnlddj/hzl/tbj/lgqgdvwz.zdp
[        128]  data/pjsd/wtwhzzwz/dgqljsbq/jldnlddj/hzl/tbj/lqlml/
[      92416]  data/pjsd/wtwhzzwz/dgqljsbq/jldnlddj/hzl/tbj/lqlml/fdwgg.rdp
[     279285]  data/pjsd/wtwhzzwz/dgqljsbq/jldnlddj/hzl/tbj/lqlml/zzdfcs
[      19593]  data/pjsd/wtwhzzwz/dgqljsbq/jldnlddj/hzl/tbj/pgn
[      51598]  data/pjsd/wtwhzzwz/dgqljsbq/jldnlddj/hzl/tbj/tqqbwd
[     140902]  data/pjsd/wtwhzzwz/dgqljsbq/jldnlddj/lbn
[        128]  data/pjsd/wtwhzzwz/dgqljsbq/jldnlddj/qhrcm/
[     278543]  data/pjsd/wtwhzzwz/dgqljsbq/jldnlddj/qhrcm/trjm.mrw
[     279502]  data/pjsd/wtwhzzwz/dgqljsbq/jldnlddj/qhrcm/zzdfcs
[         96]  data/pjsd/wtwhzzwz/dgqljsbq/jldnlddj/ssrc/
[     238789]  data/pjsd/wtwhzzwz/dgqljsbq/jldnlddj/ssrc/zfvwwnhl
[     169907]  data/pjsd/wtwhzzwz/dgqljsbq/jldnlddj/wsbpzmbq.hws
[     267082]  data/pjsd/wtwhzzwz/dgqljsbq/qdc.grf
[     205213]  data/pjsd/wtwhzzwz/dgqljsbq/sjpdjt.ngt
[        128]  data/pjsd/wtwhzzwz/dgqljsbq/vws/
[     249170]  data/pjsd/wtwhzzwz/dgqljsbq/vws/bgfrh
[         96]  data/pjsd/wtwhzzwz/dgqljsbq/vws/ndtnt/
[       5224]  data/pjsd/wtwhzzwz/dgqljsbq/vws/ndtnt/qwdnzdq.rfz
[     175214]  data/pjsd/wtwhzzwz/dgqljsbq/wzwwqq.stp
[         96]  data/pjsd/wtwhzzwz/fqg/
[     171994]  data/pjsd/wtwhzzwz/fqg/trjm.mrw
[        160]  data/pjsd/wtwhzzwz/mbbtzgmf/
[         96]  data/pjsd/wtwhzzwz/mbbtzgmf/cfqzlgm/
[         96]  data/pjsd/wtwhzzwz/mbbtzgmf/cfqzlgm/tlbgq/
[     232962]  data/pjsd/wtwhzzwz/mbbtzgmf/cfqzlgm/tlbgq/ssvqllt.ccv
[      57211]  data/pjsd/wtwhzzwz/mbbtzgmf/ssvqllt.ccv
[         96]  data/pjsd/wtwhzzwz/mbbtzgmf/tbj/
[      23083]  data/pjsd/wtwhzzwz/mbbtzgmf/tbj/lszhdjr.lzt
[         96]  data/pjsd/wtwhzzwz/vvmzhhtv/
[     150567]  data/pjsd/wtwhzzwz/vvmzhhtv/fcpv.vws
[        384]  data/pjsd/wtwhzzwz/wglhbp/
[         96]  data/pjsd/wtwhzzwz/wglhbp/cjm/
[     300643]  data/pjsd/wtwhzzwz/wglhbp/cjm/jhtjsn.hzm
[        128]  data/pjsd/wtwhzzwz/wglhbp/gjhzw/
[         96]  data/pjsd/wtwhzzwz/wglhbp/gjhzw/hwlj/
[     280279]  data/pjsd/wtwhzzwz/wglhbp/gjhzw/hwlj/ssvqllt.ccv
[        128]  data/pjsd/wtwhzzwz/wglhbp/gjhzw/tbj/
[      88746]  data/pjsd/wtwhzzwz/wglhbp/gjhzw/tbj/ssvqllt.ccv
[     139206]  data/pjsd/wtwhzzwz/wglhbp/gjhzw/tbj/tbj
[        224]  data/pjsd/wtwhzzwz/wglhbp/lmzzlp/
[       9261]  data/pjsd/wtwhzzwz/wglhbp/lmzzlp/btnzjtlr
[        192]  data/pjsd/wtwhzzwz/wglhbp/lmzzlp/fqg/
[      35303]  data/pjsd/wtwhzzwz/wglhbp/lmzzlp/fqg/dcglqd.zrj
[      71812]  data/pjsd/wtwhzzwz/wglhbp/lmzzlp/fqg/mvzh
[      32361]  data/pjsd/wtwhzzwz/wglhbp/lmzzlp/fqg/ssvqllt.ccv
[      69305]  data/pjsd/wtwhzzwz/wglhbp/lmzzlp/fqg/zzdfcs
[     128118]  data/pjsd/wtwhzzwz/wglhbp/lmzzlp/fqg.fsf
[     165323]  data/pjsd/wtwhzzwz/wglhbp/lmzzlp/hnsrdnl.ctv
[         96]  data/pjsd/wtwhzzwz/wglhbp/lmzzlp/prvmm/
[     296946]  data/pjsd/wtwhzzwz/wglhbp/lmzzlp/prvmm/zzdfcs
[     123986]  data/pjsd/wtwhzzwz/wglhbp/lszhdjr.hcj
[     275863]  data/pjsd/wtwhzzwz/wglhbp/lwbz
[     121332]  data/pjsd/wtwhzzwz/wglhbp/snnhqgp.tdj
[        192]  data/pjsd/wtwhzzwz/wglhbp/stngv/
[        192]  data/pjsd/wtwhzzwz/wglhbp/stngv/hgj/
[     289819]  data/pjsd/wtwhzzwz/wglhbp/stngv/hgj/dhwr.mvc
[      85418]  data/pjsd/wtwhzzwz/wglhbp/stngv/hgj/dvpvhhgj.fmw
[     108543]  data/pjsd/wtwhzzwz/wglhbp/stngv/hgj/fqg.frj
[     229544]  data/pjsd/wtwhzzwz/wglhbp/stngv/hgj/pwhwmctv
[      46259]  data/pjsd/wtwhzzwz/wglhbp/stngv/vlb.ztz
[      25946]  data/pjsd/wtwhzzwz/wglhbp/stngv/zstwl.wgs
[     106712]  data/pjsd/wtwhzzwz/wglhbp/stngv/zzdfcs
[         96]  data/pjsd/wtwhzzwz/wglhbp/wdzvcfm/
[         96]  data/pjsd/wtwhzzwz/wglhbp/wdzvcfm/sdphr/
[      84638]  data/pjsd/wtwhzzwz/wglhbp/wdzvcfm/sdphr/hnsrdnl.ctv
[        192]  data/pjsd/wtwhzzwz/wglhbp/wjqztbj/
[     240174]  data/pjsd/wtwhzzwz/wglhbp/wjqztbj/btnzjtlr.ldw
[     125567]  data/pjsd/wtwhzzwz/wglhbp/wjqztbj/lszhdjr
[     265718]  data/pjsd/wtwhzzwz/wglhbp/wjqztbj/lszhdjr.mmz
[     242407]  data/pjsd/wtwhzzwz/wglhbp/wjqztbj/wzjcc
[        160]  data/pjsd/wtwhzzwz/wglhbp/wzhsq/
[         96]  data/pjsd/wtwhzzwz/wglhbp/wzhsq/hzl/
[     309519]  data/pjsd/wtwhzzwz/wglhbp/wzhsq/hzl/plnn.pdn
[      22176]  data/pjsd/wtwhzzwz/wglhbp/wzhsq/hzl.cpv
[     122990]  data/pjsd/wtwhzzwz/wglhbp/wzhsq/ldtwhvc.vcv
[        128]  data/pjsd/wtwhzzwz/zcwmf/
[        128]  data/pjsd/wtwhzzwz/zcwmf/hwq/
[     189618]  data/pjsd/wtwhzzwz/zcwmf/hwq/trjm.mrw
[     120145]  data/pjsd/wtwhzzwz/zcwmf/hwq/wsbpzmbq.hws
[     268508]  data/pjsd/wtwhzzwz/zcwmf/mztd
[     149748]  data/pjsd/zzdfcs
[        320]  data/qfrrtb/
[        256]  data/qfrrtb/dmntr/
[        128]  data/qfrrtb/dmntr/btnzjtlr/
[     153689]  data/qfrrtb/dmntr/btnzjtlr/jnbthqwp
[         96]  data/qfrrtb/dmntr/btnzjtlr/tcp/
[      90378]  data/qfrrtb/dmntr/btnzjtlr/tcp/mczzfwsz.hwf
[     141598]  data/qfrrtb/dmntr/fqg.wcw
[     223036]  data/qfrrtb/dmntr/hnsrdnl.ctv
[      96925]  data/qfrrtb/dmntr/qhwmj
[     257697]  data/qfrrtb/dmntr/ssvqllt.ccv
[     184839]  data/qfrrtb/dmntr/vmbfhldv.zgm
[        256]  data/qfrrtb/fqg/
[        160]  data/qfrrtb/fqg/btq/
[         96]  data/qfrrtb/fqg/btq/bdnc/
[     263358]  data/qfrrtb/fqg/btq/bdnc/trjm.mrw
[        256]  data/qfrrtb/fqg/btq/ttpj/
[     185501]  data/qfrrtb/fqg/btq/ttpj/fqg.dvq
[     151107]  data/qfrrtb/fqg/btq/ttpj/ltmmsr.lqd
[        224]  data/qfrrtb/fqg/btq/ttpj/mbtqmqh/
[         96]  data/qfrrtb/fqg/btq/ttpj/mbtqmqh/lszhdjr/
[         96]  data/qfrrtb/fqg/btq/ttpj/mbtqmqh/lszhdjr/dmc/
[     173189]  data/qfrrtb/fqg/btq/ttpj/mbtqmqh/lszhdjr/dmc/mzmr.nrj
[     184660]  data/qfrrtb/fqg/btq/ttpj/mbtqmqh/pmwswf.lrm
[         96]  data/qfrrtb/fqg/btq/ttpj/mbtqmqh/tbj/
[      59531]  data/qfrrtb/fqg/btq/ttpj/mbtqmqh/tbj/fjqfbq
[        160]  data/qfrrtb/fqg/btq/ttpj/mbtqmqh/zqbss/
[         96]  data/qfrrtb/fqg/btq/ttpj/mbtqmqh/zqbss/btnzjtlr/
[     113619]  data/qfrrtb/fqg/btq/ttpj/mbtqmqh/zqbss/btnzjtlr/trjm.mrw
[        128]  data/qfrrtb/fqg/btq/ttpj/mbtqmqh/zqbss/lszhdjr/
[      87142]  data/qfrrtb/fqg/btq/ttpj/mbtqmqh/zqbss/lszhdjr/hnsrdnl.ctv
[         96]  data/qfrrtb/fqg/btq/ttpj/mbtqmqh/zqbss/lszhdjr/lszhdjr/
[         96]  data/qfrrtb/fqg/btq/ttpj/mbtqmqh/zqbss/lszhdjr/lszhdjr/jsdrvbhc/
[     210295]  data/qfrrtb/fqg/btq/ttpj/mbtqmqh/zqbss/lszhdjr/lszhdjr/jsdrvbhc/hzl
[      14365]  data/qfrrtb/fqg/btq/ttpj/mbtqmqh/zqbss/sqdj
[     262042]  data/qfrrtb/fqg/btq/ttpj/mbtqmqh/zzdfcs
[     231236]  data/qfrrtb/fqg/btq/ttpj/sdzp.qhb
[      16601]  data/qfrrtb/fqg/btq/ttpj/vfflgw.vrr
[      75487]  data/qfrrtb/fqg/btq/ttpj/zbvllh.gqb
[        160]  data/qfrrtb/fqg/btq/vftshfd/
[         96]  data/qfrrtb/fqg/btq/vftshfd/jjws/
[      82848]  data/qfrrtb/fqg/btq/vftshfd/jjws/trjm.mrw
[         96]  data/qfrrtb/fqg/btq/vftshfd/mvdcjgp/
[     231865]  data/qfrrtb/fqg/btq/vftshfd/mvdcjgp/lzzl
[         96]  data/qfrrtb/fqg/btq/vftshfd/qflcrlrm/
[     150667]  data/qfrrtb/fqg/btq/vftshfd/qflcrlrm/btnzjtlr
[      51590]  data/qfrrtb/fqg/fqg
[     176455]  data/qfrrtb/fqg/gnqsnpj.vsh
[         96]  data/qfrrtb/fqg/mthwtst/
[      26308]  data/qfrrtb/fqg/mthwtst/lszhdjr.dbb
[         96]  data/qfrrtb/fqg/trhz/
[      16138]  data/qfrrtb/fqg/trhz/swtdz.hdt
[        128]  data/qfrrtb/fqg/zbpjvb/
[      69598]  data/qfrrtb/fqg/zbpjvb/hnsrdnl.ctv
[      96314]  data/qfrrtb/fqg/zbpjvb/tbj.gpj
[        160]  data/qfrrtb/gpcvsbpl/
[        128]  data/qfrrtb/gpcvsbpl/dbssfzqt/
[     156599]  data/qfrrtb/gpcvsbpl/dbssfzqt/jcv
[      68192]  data/qfrrtb/gpcvsbpl/dbssfzqt/zzdfcs
[        256]  data/qfrrtb/gpcvsbpl/pgn/
[     124613]  data/qfrrtb/gpcvsbpl/pgn/fqg
[     139219]  data/qfrrtb/gpcvsbpl/pgn/gmnqvlbb.nnf
[     177527]  data/qfrrtb/gpcvsbpl/pgn/hnsrdnl.ctv
[     116238]  data/qfrrtb/gpcvsbpl/pgn/hzl.qwm
[        128]  data/qfrrtb/gpcvsbpl/pgn/tbj/
[      78863]  data/qfrrtb/gpcvsbpl/pgn/tbj/hnsrdnl.ctv
[         96]  data/qfrrtb/gpcvsbpl/pgn/tbj/lszhdjr/
[      76043]  data/qfrrtb/gpcvsbpl/pgn/tbj/lszhdjr/qjwjw.dbn
[      69576]  data/qfrrtb/gpcvsbpl/pgn/zzdfcs
[         96]  data/qfrrtb/gpcvsbpl/zfgvldv/
[         96]  data/qfrrtb/gpcvsbpl/zfgvldv/tbj/
[     308796]  data/qfrrtb/gpcvsbpl/zfgvldv/tbj/gqcw.fsm
[        256]  data/qfrrtb/hzl/
[      50784]  data/qfrrtb/hzl/btnzjtlr
[      19755]  data/qfrrtb/hzl/gjbcgphh.rbw
[     169847]  data/qfrrtb/hzl/lncnj.bct
[      46359]  data/qfrrtb/hzl/mbrtgl
[        320]  data/qfrrtb/hzl/nlnt/
[         96]  data/qfrrtb/hzl/nlnt/cqfzqwr/
[     213009]  data/qfrrtb/hzl/nlnt/cqfzqwr/trjm.mrw
[         96]  data/qfrrtb/hzl/nlnt/dghdql/
[      61202]  data/qfrrtb/hzl/nlnt/dghdql/hnsrdnl.ctv
[         96]  data/qfrrtb/hzl/nlnt/fnd/
[     237330]  data/qfrrtb/hzl/nlnt/fnd/hnsrdnl.ctv
[     159573]  data/qfrrtb/hzl/nlnt/hnsrdnl.ctv
[         96]  data/qfrrtb/hzl/nlnt/lszhdjr/
[     222813]  data/qfrrtb/hzl/nlnt/lszhdjr/ssvqllt.ccv
[      16814]  data/qfrrtb/hzl/nlnt/tsm
[      59202]  data/qfrrtb/hzl/nlnt/wsbpzmbq.hws
[      22244]  data/qfrrtb/hzl/nlnt/zlbj
[     269695]  data/qfrrtb/hzl/wfg.cdn
[         96]  data/qfrrtb/mqbhs/
[        128]  data/qfrrtb/mqbhs/fqg/
[     121590]  data/qfrrtb/mqbhs/fqg/lcwsbvw.jlj
[      13769]  data/qfrrtb/mqbhs/fqg/zzdfcs
[        128]  data/qfrrtb/pgvngj/
[      29079]  data/qfrrtb/pgvngj/lnfsw.mvd
[        128]  data/qfrrtb/pgvngj/tbj/
[     303514]  data/qfrrtb/pgvngj/tbj/ssvqllt.ccv
[      81789]  data/qfrrtb/pgvngj/tbj/wsbpzmbq.hws
[        256]  data/qfrrtb/pnrdwlqn/
[     145498]  data/qfrrtb/pnrdwlqn/btnzjtlr.hdq
[     209811]  data/qfrrtb/pnrdwlqn/fqg
[        256]  data/qfrrtb/pnrdwlqn/gscsq/
[        256]  data/qfrrtb/pnrdwlqn/gscsq/btnzjtlr/
[      52870]  data/qfrrtb/pnrdwlqn/gscsq/btnzjtlr/fqg.bcq
[     131279]  data/qfrrtb/pnrdwlqn/gscsq/btnzjtlr/hnsrdnl.ctv
[         96]  data/qfrrtb/pnrdwlqn/gscsq/btnzjtlr/hts/
[     295829]  data/qfrrtb/pnrdwlqn/gscsq/btnzjtlr/hts/hnsrdnl.ctv
[     180154]  data/qfrrtb/pnrdwlqn/gscsq/btnzjtlr/plgqz.lfz
[     118677]  data/qfrrtb/pnrdwlqn/gscsq/btnzjtlr/ssvqllt.ccv
[     143055]  data/qfrrtb/pnrdwlqn/gscsq/btnzjtlr/zzdfcs
[     257666]  data/qfrrtb/pnrdwlqn/gscsq/cmflqncq.csp
[     146453]  data/qfrrtb/pnrdwlqn/gscsq/lszhdjr.jvl
[      21252]  data/qfrrtb/pnrdwlqn/gscsq/ssvqllt.ccv
[        160]  data/qfrrtb/pnrdwlqn/gscsq/vjpgs/
[     247444]  data/qfrrtb/pnrdwlqn/gscsq/vjpgs/fqg.rjw
[         96]  data/qfrrtb/pnrdwlqn/gscsq/vjpgs/hzl/
[      91966]  data/qfrrtb/pnrdwlqn/gscsq/vjpgs/hzl/ppff.qhn
[     113248]  data/qfrrtb/pnrdwlqn/gscsq/vjpgs/tbj
[      29627]  data/qfrrtb/pnrdwlqn/gscsq/zjgswm.zmw
[      39287]  data/qfrrtb/pnrdwlqn/jbln.grc
[        288]  data/qfrrtb/pnrdwlqn/lszhdjr/
[     290399]  data/qfrrtb/pnrdwlqn/lszhdjr/grzs.btl
[      11125]  data/qfrrtb/pnrdwlqn/lszhdjr/gswg
[     110268]  data/qfrrtb/pnrdwlqn/lszhdjr/mhdfszz.pdh
[         96]  data/qfrrtb/pnrdwlqn/lszhdjr/mwbjshb/
[     119607]  data/qfrrtb/pnrdwlqn/lszhdjr/mwbjshb/rpgml
[         96]  data/qfrrtb/pnrdwlqn/lszhdjr/ndtllttm/
[       5107]  data/qfrrtb/pnrdwlqn/lszhdjr/ndtllttm/qsqqfpc.mzf
[     126485]  data/qfrrtb/pnrdwlqn/lszhdjr/wsbpzmbq.hws
[     152691]  data/qfrrtb/pnrdwlqn/lszhdjr/zzdfcs
[        224]  data/qfrrtb/pnrdwlqn/zcj/
[         96]  data/qfrrtb/pnrdwlqn/zcj/gftzs/
[     115531]  data/qfrrtb/pnrdwlqn/zcj/gftzs/fbjj.vrn
[     131397]  data/qfrrtb/pnrdwlqn/zcj/ssvqllt.ccv
[        160]  data/qfrrtb/pnrdwlqn/zcj/vpqvpmv/
[        192]  data/qfrrtb/pnrdwlqn/zcj/vpqvpmv/bfqpwgdc/
[     144904]  data/qfrrtb/pnrdwlqn/zcj/vpqvpmv/bfqpwgdc/fqg.djq
[         96]  data/qfrrtb/pnrdwlqn/zcj/vpqvpmv/bfqpwgdc/gbn/
[        224]  data/qfrrtb/pnrdwlqn/zcj/vpqvpmv/bfqpwgdc/gbn/btnzjtlr/
[         96]  data/qfrrtb/pnrdwlqn/zcj/vpqvpmv/bfqpwgdc/gbn/btnzjtlr/dzsbcqjd/
[      13953]  data/qfrrtb/pnrdwlqn/zcj/vpqvpmv/bfqpwgdc/gbn/btnzjtlr/dzsbcqjd/tbj
[     253792]  data/qfrrtb/pnrdwlqn/zcj/vpqvpmv/bfqpwgdc/gbn/btnzjtlr/fqg.fcw
[     209245]  data/qfrrtb/pnrdwlqn/zcj/vpqvpmv/bfqpwgdc/gbn/btnzjtlr/fqtqsdrt.pqd
[     303280]  data/qfrrtb/pnrdwlqn/zcj/vpqvpmv/bfqpwgdc/gbn/btnzjtlr/nqvqm
[     271246]  data/qfrrtb/pnrdwlqn/zcj/vpqvpmv/bfqpwgdc/gbn/btnzjtlr/vchvvq.cft
[         96]  data/qfrrtb/pnrdwlqn/zcj/vpqvpmv/bfqpwgdc/jzz/
[     234810]  data/qfrrtb/pnrdwlqn/zcj/vpqvpmv/bfqpwgdc/jzz/ssvqllt.ccv
[         96]  data/qfrrtb/pnrdwlqn/zcj/vpqvpmv/bfqpwgdc/vtp/
[     287225]  data/qfrrtb/pnrdwlqn/zcj/vpqvpmv/bfqpwgdc/vtp/rzqfq.pvj
[      67619]  data/qfrrtb/pnrdwlqn/zcj/vpqvpmv/ffbllv
[        416]  data/qfrrtb/pnrdwlqn/zcj/vpqvpmv/tzr/
[     135596]  data/qfrrtb/pnrdwlqn/zcj/vpqvpmv/tzr/bbzlnjtc.fft
[        192]  data/qfrrtb/pnrdwlqn/zcj/vpqvpmv/tzr/bqfz/
[     137988]  data/qfrrtb/pnrdwlqn/zcj/vpqvpmv/tzr/bqfz/fqg
[     122217]  data/qfrrtb/pnrdwlqn/zcj/vpqvpmv/tzr/bqfz/lszhdjr.bwc
[     232293]  data/qfrrtb/pnrdwlqn/zcj/vpqvpmv/tzr/bqfz/ssvqllt.ccv
[     168937]  data/qfrrtb/pnrdwlqn/zcj/vpqvpmv/tzr/bqfz/twrtmwh.ddc
[         96]  data/qfrrtb/pnrdwlqn/zcj/vpqvpmv/tzr/dztgr/
[      23653]  data/qfrrtb/pnrdwlqn/zcj/vpqvpmv/tzr/dztgr/qhrp.ljh
[     306047]  data/qfrrtb/pnrdwlqn/zcj/vpqvpmv/tzr/hnsrdnl.ctv
[     248180]  data/qfrrtb/pnrdwlqn/zcj/vpqvpmv/tzr/jzdzf
[        160]  data/qfrrtb/pnrdwlqn/zcj/vpqvpmv/tzr/lszhdjr/
[        256]  data/qfrrtb/pnrdwlqn/zcj/vpqvpmv/tzr/lszhdjr/ghqlj/
[     184316]  data/qfrrtb/pnrdwlqn/zcj/vpqvpmv/tzr/lszhdjr/ghqlj/ghshmzt.srl
[     258282]  data/qfrrtb/pnrdwlqn/zcj/vpqvpmv/tzr/lszhdjr/ghqlj/nbqndwj
[        128]  data/qfrrtb/pnrdwlqn/zcj/vpqvpmv/tzr/lszhdjr/ghqlj/ndd/
[     152924]  data/qfrrtb/pnrdwlqn/zcj/vpqvpmv/tzr/lszhdjr/ghqlj/ndd/gvclc
[      77856]  data/qfrrtb/pnrdwlqn/zcj/vpqvpmv/tzr/lszhdjr/ghqlj/ndd/llztchwp.jjd
[        128]  data/qfrrtb/pnrdwlqn/zcj/vpqvpmv/tzr/lszhdjr/ghqlj/tqqlnw/
[       4090]  data/qfrrtb/pnrdwlqn/zcj/vpqvpmv/tzr/lszhdjr/ghqlj/tqqlnw/flvdsc.zsv
[     219378]  data/qfrrtb/pnrdwlqn/zcj/vpqvpmv/tzr/lszhdjr/ghqlj/tqqlnw/vgwfn.zjh
[      68843]  data/qfrrtb/pnrdwlqn/zcj/vpqvpmv/tzr/lszhdjr/ghqlj/trjm.mrw
[      92593]  data/qfrrtb/pnrdwlqn/zcj/vpqvpmv/tzr/lszhdjr/ghqlj/wllcqzfr.mbd
[         96]  data/qfrrtb/pnrdwlqn/zcj/vpqvpmv/tzr/lszhdjr/qjjvfv/
[     230606]  data/qfrrtb/pnrdwlqn/zcj/vpqvpmv/tzr/lszhdjr/qjjvfv/trjm.mrw
[        128]  data/qfrrtb/pnrdwlqn/zcj/vpqvpmv/tzr/lszhdjr/qsjrnq/
[     252853]  data/qfrrtb/pnrdwlqn/zcj/vpqvpmv/tzr/lszhdjr/qsjrnq/fnnbmt.dtm
[     279660]  data/qfrrtb/pnrdwlqn/zcj/vpqvpmv/tzr/lszhdjr/qsjrnq/lszhdjr.rjc
[         96]  data/qfrrtb/pnrdwlqn/zcj/vpqvpmv/tzr/mds/
[      10903]  data/qfrrtb/pnrdwlqn/zcj/vpqvpmv/tzr/mds/jzwjv
[         96]  data/qfrrtb/pnrdwlqn/zcj/vpqvpmv/tzr/nmdc/
[     114234]  data/qfrrtb/pnrdwlqn/zcj/vpqvpmv/tzr/nmdc/hnsrdnl.ctv
[        224]  data/qfrrtb/pnrdwlqn/zcj/vpqvpmv/tzr/qpmt/
[     171542]  data/qfrrtb/pnrdwlqn/zcj/vpqvpmv/tzr/qpmt/bvrzgp
[     129238]  data/qfrrtb/pnrdwlqn/zcj/vpqvpmv/tzr/qpmt/hnsrdnl.ctv
[     137570]  data/qfrrtb/pnrdwlqn/zcj/vpqvpmv/tzr/qpmt/tbj
[      54929]  data/qfrrtb/pnrdwlqn/zcj/vpqvpmv/tzr/qpmt/vtcfq.npn
[      44117]  data/qfrrtb/pnrdwlqn/zcj/vpqvpmv/tzr/qpmt/zzdfcs
[     126445]  data/qfrrtb/pnrdwlqn/zcj/vpqvpmv/tzr/wsbpzmbq.hws
[     191907]  data/qfrrtb/pnrdwlqn/zcj/vpqvpmv/tzr/zzdfcs
[        128]  data/qfrrtb/pnrdwlqn/zcj/wdqw/
[         96]  data/qfrrtb/pnrdwlqn/zcj/wdqw/jmvsdlv/
[         96]  data/qfrrtb/pnrdwlqn/zcj/wdqw/jmvsdlv/flnnqz/
[     224693]  data/qfrrtb/pnrdwlqn/zcj/wdqw/jmvsdlv/flnnqz/flqpwqp.fwn
[         96]  data/qfrrtb/pnrdwlqn/zcj/wdqw/mjgpdcbl/
[     140928]  data/qfrrtb/pnrdwlqn/zcj/wdqw/mjgpdcbl/btnzjtlr.prd
[      34540]  data/qfrrtb/pnrdwlqn/zcj/wsbpzmbq.hws
[        288]  data/qfrrtb/qlnwhq/
[        128]  data/qfrrtb/qlnwhq/btnzjtlr/
[     225671]  data/qfrrtb/qlnwhq/btnzjtlr/ssrcp.chb
[     268250]  data/qfrrtb/qlnwhq/btnzjtlr/tbj.cfd
[         96]  data/qfrrtb/qlnwhq/cbhr/
[      68468]  data/qfrrtb/qlnwhq/cbhr/qdqlml.qrj
[        128]  data/qfrrtb/qlnwhq/cnbssw/
[        160]  data/qfrrtb/qlnwhq/cnbssw/tbj/
[     307230]  data/qfrrtb/qlnwhq/cnbssw/tbj/hzl
[         96]  data/qfrrtb/qlnwhq/cnbssw/tbj/jbcnnvq/
[     277047]  data/qfrrtb/qlnwhq/cnbssw/tbj/jbcnnvq/nztsr
[     228268]  data/qfrrtb/qlnwhq/cnbssw/tbj/lssvr.gfn
[     187921]  data/qfrrtb/qlnwhq/cnbssw/zscs
[        256]  data/qfrrtb/qlnwhq/dwvv/
[     267743]  data/qfrrtb/qlnwhq/dwvv/btnzjtlr
[        192]  data/qfrrtb/qlnwhq/dwvv/fqg/
[     260003]  data/qfrrtb/qlnwhq/dwvv/fqg/btnzjtlr.hjn
[     103775]  data/qfrrtb/qlnwhq/dwvv/fqg/btnzjtlr.ndh
[     200945]  data/qfrrtb/qlnwhq/dwvv/fqg/trjm.mrw
[         96]  data/qfrrtb/qlnwhq/dwvv/fqg/twpplmhh/
[         96]  data/qfrrtb/qlnwhq/dwvv/fqg/twpplmhh/tvrq/
[     298383]  data/qfrrtb/qlnwhq/dwvv/fqg/twpplmhh/tvrq/ssvqllt.ccv
[      68364]  data/qfrrtb/qlnwhq/dwvv/qznpsjp
[         96]  data/qfrrtb/qlnwhq/dwvv/wdr/
[     248357]  data/qfrrtb/qlnwhq/dwvv/wdr/tbj
[     230595]  data/qfrrtb/qlnwhq/dwvv/wsbpzmbq.hws
[        206]  data/qfrrtb/qlnwhq/dwvv/wtwwd.jnb
[         96]  data/qfrrtb/qlnwhq/lszhdjr/
[     259605]  data/qfrrtb/qlnwhq/lszhdjr/lszhdjr.mvw
[         96]  data/qfrrtb/qlnwhq/rnhnbs/
[     297597]  data/qfrrtb/qlnwhq/rnhnbs/hnsrdnl.ctv
[         96]  data/qfrrtb/qlnwhq/sdhqp/
[      95362]  data/qfrrtb/qlnwhq/sdhqp/wsbpzmbq.hws
[      31987]  data/zzdfcs

188 directories, 294 files
